---
source: src/ui/mod.rs
assertion_line: 780
expression: output
---

                                           siggy - locked
┌──────────────────────────────────────────────────────────────────────────────────────────────────┐
│                                         Passphrase: *****                                        │
└──────────────────────────────────────────────────────────────────────────────────────────────────┘
